Usage:

module "foo" {
  source = "github.com/foo/bar"

  id   = "1234567890"
  name = "baz"

  zones = ["us-east-1", "us-west-1"]

  tags = {
    Name         = "baz"
    Created-By   = "first.last@email.com"
    Date-Created = "20180101"
  }
}

## Inputs

| Name | Description | Type | Default |
|------|-------------|:----:|:-----:|
| input\_with\_underscores | A variable with underscores. | string | n/a |
| list-2 | It's list number two. | list | n/a |
| map-2 | It's map number two. | map | n/a |
| string-2 | It's string number two. | string | n/a |
| unquoted |  | string | n/a |
| list-1 | It's list number one. | list | `<list>` |
| list-3 |  | list | `<list>` |
| map-1 | It's map number one. | map | `<map>` |
| map-3 |  | map | `<map>` |
| string-1 | It's string number one. | string | `"bar"` |
| string-3 |  | string | `""` |

## Modules

| Name | Source | Description |
|------|--------|-------------|
| module-with-both-descriptions | [../path/to/module/4](../path/to/module/4/readme.md) | Direct description |
| module-with-description | [../path/to/module/2](../path/to/module/2/readme.md) | Direct description |
| module-with-description-in-comment | [../path/to/module/3](../path/to/module/3/readme.md) | Description in comment |
| module-without-description | [../path/to/module/1](../path/to/module/1/readme.md) |  |

## Resources

| Name | Type | Description |
|------|------|-------------|
| resource\_with\_dynamic\_count | [azurerm_resource_group](https://www.terraform.io/docs/providers/azurerm/r/resource_group.html) | Description from comment |
| resource\_with\_static\_count | [azurerm_resource_group](https://www.terraform.io/docs/providers/azurerm/r/resource_group.html) | Description from comment |
| resource\_without\_count | [azurerm_resource_group](https://www.terraform.io/docs/providers/azurerm/r/resource_group.html) |  |

## Outputs

| Name | Description |
|------|-------------|
| output-1 | It's output number one. |
| output-2 | It's output number two. |
| unquoted | It's unquoted output. |
