header = ""
footer = ""
inputs = []
outputs = []
providers = []
requirements = []
resources = []

[[modules]]
  name = "bar"
  source = "baz"
  version = "4.5.6"

[[modules]]
  name = "foo"
  source = "bar"
  version = "1.2.3"

[[modules]]
  name = "baz"
  source = "baz"
  version = "4.5.6"

[[modules]]
  name = "foobar"
  source = "git@github.com:module/path"
  version = "v7.8.9"