header = ""
footer = ""
inputs = []
modules = []
outputs = []
providers = []
requirements = []

[[resources]]
  type = "caller_identity"
  name = "current"
  provider = "aws"
  source = "hashicorp/aws"
  mode = "data"
  version = "latest"
  description = ""

[[resources]]
  type = "caller_identity"
  name = "ident"
  provider = "aws"
  source = "hashicorp/aws"
  mode = "data"
  version = "latest"
  description = ""