== Resources

[cols="a,a",options="header,autowidth"]
|===
|Name |Type
|foo_resource.baz |resource
|[null_resource.foo](https://registry.terraform.io/providers/hashicorp/null/latest/docs/resources/resource) |resource
|[tls_private_key.baz](https://registry.terraform.io/providers/hashicorp/tls/latest/docs/resources/private_key) |resource
|===