Usage:

Example of 'foo_bar' module in `foo_bar.tf`.

- list item 1
- list item 2

Even inline **formatting** in _here_ is possible.
and some [link](https://domain.com/)

* list item 3
* list item 4

```hcl
module "foo_bar" {
  source = "github.com/foo/bar"

  id   = "1234567890"
  name = "baz"

  zones = ["us-east-1", "us-west-1"]

  tags = {
    Name         = "baz"
    Created-By   = "first.last@email.com"
    Date-Created = "20180101"
  }
}
```

Here is some trailing text after code block,
followed by another line of text.

| Name | Description     |
|------|-----------------|
| Foo  | Foo description |
| Bar  | Bar description |

== Requirements

[cols="a,a",options="header,autowidth"]
|===
|Name |Version
|[[requirement_terraform]] <<requirement_terraform,terraform>> |>= 0.12
|[[requirement_aws]] <<requirement_aws,aws>> |>= 2.15.0
|[[requirement_foo]] <<requirement_foo,foo>> |>= 1.0
|[[requirement_random]] <<requirement_random,random>> |>= 2.2.0
|===

== Providers

[cols="a,a",options="header,autowidth"]
|===
|Name |Version
|[[provider_tls]] <<provider_tls,tls>> |n/a
|[[provider_foo]] <<provider_foo,foo>> |>= 1.0
|[[provider_aws]] <<provider_aws,aws>> |>= 2.15.0
|[[provider_aws.ident]] <<provider_aws.ident,aws.ident>> |>= 2.15.0
|[[provider_null]] <<provider_null,null>> |n/a
|===

== Modules

[cols="a,a,a",options="header,autowidth"]
|===
|Name |Source |Version
|[[module_bar]] <<module_bar,bar>> |baz |4.5.6
|[[module_foo]] <<module_foo,foo>> |bar |1.2.3
|[[module_baz]] <<module_baz,baz>> |baz |4.5.6
|[[module_foobar]] <<module_foobar,foobar>> |git@github.com:module/path |v7.8.9
|===

== Resources

[cols="a,a",options="header,autowidth"]
|===
|Name |Type
|foo_resource.baz |resource
|[null_resource.foo](https://registry.terraform.io/providers/hashicorp/null/latest/docs/resources/resource) |resource
|[tls_private_key.baz](https://registry.terraform.io/providers/hashicorp/tls/latest/docs/resources/private_key) |resource
|[aws_caller_identity.current](https://registry.terraform.io/providers/hashicorp/aws/latest/docs/data-sources/caller_identity) |data source
|[aws_caller_identity.ident](https://registry.terraform.io/providers/hashicorp/aws/latest/docs/data-sources/caller_identity) |data source
|===

== Inputs

[cols="a,a,a,a",options="header,autowidth"]
|===
|Name |Description |Type |Default
|[[input_unquoted]] <<input_unquoted,unquoted>>
|n/a
|`any`
|n/a

|[[input_bool-3]] <<input_bool-3,bool-3>>
|n/a
|`bool`
|`true`

|[[input_bool-2]] <<input_bool-2,bool-2>>
|It's bool number two.
|`bool`
|`false`

|[[input_bool-1]] <<input_bool-1,bool-1>>
|It's bool number one.
|`bool`
|`true`

|[[input_string-3]] <<input_string-3,string-3>>
|n/a
|`string`
|`""`

|[[input_string-2]] <<input_string-2,string-2>>
|It's string number two.
|`string`
|n/a

|[[input_string-1]] <<input_string-1,string-1>>
|It's string number one.
|`string`
|`"bar"`

|[[input_string-special-chars]] <<input_string-special-chars,string-special-chars>>
|n/a
|`string`
|`"\\.<>[]{}_-"`

|[[input_number-3]] <<input_number-3,number-3>>
|n/a
|`number`
|`"19"`

|[[input_number-4]] <<input_number-4,number-4>>
|n/a
|`number`
|`15.75`

|[[input_number-2]] <<input_number-2,number-2>>
|It's number number two.
|`number`
|n/a

|[[input_number-1]] <<input_number-1,number-1>>
|It's number number one.
|`number`
|`42`

|[[input_map-3]] <<input_map-3,map-3>>
|n/a
|`map`
|`{}`

|[[input_map-2]] <<input_map-2,map-2>>
|It's map number two.
|`map`
|n/a

|[[input_map-1]] <<input_map-1,map-1>>
|It's map number one.
|`map`
|

[source]
----
{
  "a": 1,
  "b": 2,
  "c": 3
}
----

|[[input_list-3]] <<input_list-3,list-3>>
|n/a
|`list`
|`[]`

|[[input_list-2]] <<input_list-2,list-2>>
|It's list number two.
|`list`
|n/a

|[[input_list-1]] <<input_list-1,list-1>>
|It's list number one.
|`list`
|

[source]
----
[
  "a",
  "b",
  "c"
]
----

|[[input_input_with_underscores]] <<input_input_with_underscores,input_with_underscores>>
|A variable with underscores.
|`any`
|n/a

|[[input_input-with-pipe]] <<input_input-with-pipe,input-with-pipe>>
|It includes v1 \| v2 \| v3
|`string`
|`"v1"`

|[[input_input-with-code-block]] <<input_input-with-code-block,input-with-code-block>>
|This is a complicated one. We need a newline.  
And an example in a code block
[source]
----
default     = [
  "machine rack01:neptune"
]
----

|`list`
|

[source]
----
[
  "name rack:location"
]
----

|[[input_long_type]] <<input_long_type,long_type>>
|This description is itself markdown.

It spans over multiple lines.

|

[source]
----
object({
    name = string,
    foo  = object({ foo = string, bar = string }),
    bar  = object({ foo = string, bar = string }),
    fizz = list(string),
    buzz = list(string)
  })
----

|

[source]
----
{
  "bar": {
    "bar": "bar",
    "foo": "bar"
  },
  "buzz": [
    "fizz",
    "buzz"
  ],
  "fizz": [],
  "foo": {
    "bar": "foo",
    "foo": "foo"
  },
  "name": "hello"
}
----

|[[input_no-escape-default-value]] <<input_no-escape-default-value,no-escape-default-value>>
|The description contains `something_with_underscore`. Defaults to 'VALUE_WITH_UNDERSCORE'.
|`string`
|`"VALUE_WITH_UNDERSCORE"`

|[[input_with-url]] <<input_with-url,with-url>>
|The description contains url. <https://www.domain.com/foo/bar_baz.html>
|`string`
|`""`

|[[input_string_default_empty]] <<input_string_default_empty,string_default_empty>>
|n/a
|`string`
|`""`

|[[input_string_default_null]] <<input_string_default_null,string_default_null>>
|n/a
|`string`
|`null`

|[[input_string_no_default]] <<input_string_no_default,string_no_default>>
|n/a
|`string`
|n/a

|[[input_number_default_zero]] <<input_number_default_zero,number_default_zero>>
|n/a
|`number`
|`0`

|[[input_bool_default_false]] <<input_bool_default_false,bool_default_false>>
|n/a
|`bool`
|`false`

|[[input_list_default_empty]] <<input_list_default_empty,list_default_empty>>
|n/a
|`list(string)`
|`[]`

|[[input_object_default_empty]] <<input_object_default_empty,object_default_empty>>
|n/a
|`object({})`
|`{}`

|===

== Outputs

[cols="a,a",options="header,autowidth"]
|===
|Name |Description
|[[output_unquoted]] <<output_unquoted,unquoted>> |It's unquoted output.
|[[output_output-2]] <<output_output-2,output-2>> |It's output number two.
|[[output_output-1]] <<output_output-1,output-1>> |It's output number one.
|[[output_output-0.12]] <<output_output-0.12,output-0.12>> |terraform 0.12 only
|===

## This is an example of a footer

It looks exactly like a header, but is placed at the end of the document