== Resources

[cols="a,a",options="header,autowidth"]
|===
|Name |Type
|[aws_caller_identity.current](https://registry.terraform.io/providers/hashicorp/aws/latest/docs/data-sources/caller_identity) |data source
|[aws_caller_identity.ident](https://registry.terraform.io/providers/hashicorp/aws/latest/docs/data-sources/caller_identity) |data source
|===