bool-1             = true
bool-2             = false
bool-3             = true
bool_default_false = false
input-with-code-block = [
  "name rack:location"
]
input-with-pipe        = "v1"
input_with_underscores = ""
list-1 = [
  "a",
  "b",
  "c"
]
list-2             = ""
list-3             = []
list_default_empty = []
long_type = {
  "bar": {
    "bar": "bar",
    "foo": "bar"
  },
  "buzz": [
    "fizz",
    "buzz"
  ],
  "fizz": [],
  "foo": {
    "bar": "foo",
    "foo": "foo"
  },
  "name": "hello"
}
map-1 = {
  "a": 1,
  "b": 2,
  "c": 3
}
map-2                         = ""
map-3                         = {}
no-escape-default-value       = "VALUE_WITH_UNDERSCORE"
number-1                      = 42
number-2                      = ""
number-3                      = "19"
number-4                      = 15.75
number_default_zero           = 0
object_default_empty          = {}
string-1                      = "bar"
string-2                      = ""
string-3                      = ""
string-special-chars          = "\\.<>[]{}_-"
string_default_empty          = ""
string_default_null           = ""
string_no_default             = ""
unquoted                      = ""
variable_with_no_validation   = ""
variable_with_one_validation  = ""
variable_with_two_validations = ""
with-url                      = ""