{
  "unquoted": null,
  "bool-3": true,
  "bool-2": false,
  "bool-1": true,
  "string-3": "",
  "string-2": null,
  "string-1": "bar",
  "string-special-chars": "\\.<>[]{}_-",
  "number-3": "19",
  "number-4": 15.75,
  "number-2": null,
  "number-1": 42,
  "map-3": {},
  "map-2": null,
  "map-1": {
    "a": 1,
    "b": 2,
    "c": 3
  },
  "list-3": [],
  "list-2": null,
  "list-1": [
    "a",
    "b",
    "c"
  ],
  "input_with_underscores": null,
  "input-with-pipe": "v1",
  "input-with-code-block": [
    "name rack:location"
  ],
  "long_type": {
    "bar": {
      "bar": "bar",
      "foo": "bar"
    },
    "buzz": [
      "fizz",
      "buzz"
    ],
    "fizz": [],
    "foo": {
      "bar": "foo",
      "foo": "foo"
    },
    "name": "hello"
  },
  "no-escape-default-value": "VALUE_WITH_UNDERSCORE",
  "with-url": "",
  "string_default_empty": "",
  "string_default_null": null,
  "string_no_default": null,
  "number_default_zero": 0,
  "bool_default_false": false,
  "list_default_empty": [],
  "object_default_empty": {},
  "variable_with_no_validation": "",
  "variable_with_one_validation": "",
  "variable_with_two_validations": null
}