header: ""
footer: ""
inputs: []
modules: []
outputs: []
providers: []
requirements: []
resources:
  - type: resource
    name: baz
    provider: foo
    source: https://registry.acme.com/foo
    mode: managed
    version: latest
  - type: resource
    name: foo
    provider: "null"
    source: hashicorp/null
    mode: managed
    version: latest
  - type: private_key
    name: baz
    provider: tls
    source: hashicorp/tls
    mode: managed
    version: latest