{
  "header": "Usage:\n\nExample of 'foo_bar' module in `foo_bar.tf`.\n\n- list item 1\n- list item 2\n\nEven inline **formatting** in _here_ is possible.\nand some [link](https://domain.com/)\n\n* list item 3\n* list item 4\n\n```hcl\nmodule \"foo_bar\" {\n  source = \"github.com/foo/bar\"\n\n  id   = \"1234567890\"\n  name = \"baz\"\n\n  zones = [\"us-east-1\", \"us-west-1\"]\n\n  tags = {\n    Name         = \"baz\"\n    Created-By   = \"first.last@email.com\"\n    Date-Created = \"20180101\"\n  }\n}\n```\n\nHere is some trailing text after code block,\nfollowed by another line of text.\n\n| Name | Description     |\n|------|-----------------|\n| Foo  | Foo description |\n| Bar  | Bar description |",
  "footer": "",
  "inputs": [],
  "modules": [],
  "outputs": [],
  "providers": [],
  "requirements": [],
  "resources": []
}