{
  "inputs": [
    "input_with_underscores",
    "list-2",
    "map-2",
    "number-2",
    "string-2",
    "string_no_default",
    "unquoted",
    "variable_with_two_validations",
    "bool-1",
    "bool-2",
    "bool-3",
    "bool_default_false",
    "input-with-code-block",
    "input-with-pipe",
    "list-1",
    "list-3",
    "list_default_empty",
    "long_type",
    "map-1",
    "map-3",
    "no-escape-default-value",
    "number-1",
    "number-3",
    "number-4",
    "number_default_zero",
    "object_default_empty",
    "string-1",
    "string-3",
    "string-special-chars",
    "string_default_empty",
    "string_default_null",
    "variable_with_no_validation",
    "variable_with_one_validation",
    "with-url"
  ],
  "modules": [
    "bar-baz",
    "baz-baz",
    "foo-bar",
    "foobar-git@github.com:module/path"
  ],
  "outputs": [
    "output-0.12",
    "output-1",
    "output-2",
    "unquoted"
  ],
  "providers": [
    "aws",
    "aws.ident",
    "foo",
    "null",
    "tls"
  ],
  "requirements": [
    "terraform",
    "aws",
    "foo",
    "random"
  ],
  "resources": [
    "foo_resource.baz__managed",
    "null_resource.foo__managed",
    "tls_private_key.baz__managed",
    "aws_caller_identity.current__data",
    "aws_caller_identity.ident__data"
  ]
}