## Resources

The following resources are used by this module:

- foo_resource baz (resource)
- [null_resource](https://registry.terraform.io/providers/hashicorp/null/latest/docs/resources/resource) foo (resource)
- [tls_private_key](https://registry.terraform.io/providers/hashicorp/tls/latest/docs/resources/private_key) baz (resource)