## Resources

| Resource Type | Resource Name | Type |
|------|------|------|
| [aws_caller_identity](https://registry.terraform.io/providers/hashicorp/aws/latest/docs/data-sources/caller_identity) | current | data source |
| [aws_caller_identity](https://registry.terraform.io/providers/hashicorp/aws/latest/docs/data-sources/caller_identity) | ident | data source |