

[36mprovider.aws[0m (>= 2.15.0)

[36mprovider.aws.ident[0m (>= 2.15.0)

[36mprovider.null[0m



[36minput.input_with_underscores[0m (required)
[90mn/a[0m

[36minput.list-2[0m (required)
[90mIt's list number two.[0m

[36minput.map-2[0m (required)
[90mIt's map number two.[0m

[36minput.string-2[0m (required)
[90mIt's string number two.[0m

[36minput.unquoted[0m (required)
[90mn/a[0m

[36minput.input-with-code-block[0m ([
  "name rack:location"
])
[90mThis is a complicated one. We need a newline.  
And an example in a code block
```
default     = [
  "machine rack01:neptune"
]
```[0m

[36minput.input-with-pipe[0m ("v1")
[90mIt includes v1 | v2 | v3[0m

[36minput.list-1[0m ([
  "a",
  "b",
  "c"
])
[90mn/a[0m

[36minput.list-3[0m ([])
[90mn/a[0m

[36minput.long_type[0m ({
  "bar": {
    "bar": "bar",
    "foo": "bar"
  },
  "buzz": [
    "fizz",
    "buzz"
  ],
  "fizz": [],
  "foo": {
    "bar": "foo",
    "foo": "foo"
  },
  "name": "hello"
})
[90mThis description is itself markdown.

It spans over multiple lines.[0m

[36minput.map-1[0m ({
  "a": 1,
  "b": 2,
  "c": 3
})
[90mn/a[0m

[36minput.map-3[0m ({})
[90mn/a[0m

[36minput.string-1[0m ("bar")
[90mn/a[0m

[36minput.string-3[0m ("")
[90mn/a[0m



[36moutput.output-0.12[0m
[90mterraform 0.12 only[0m

[36moutput.output-1[0m
[90mn/a[0m

[36moutput.output-2[0m
[90mIt's output number two.[0m

[36moutput.unquoted[0m
[90mIt's unquoted output.[0m

