

[90mUsage:[0m
[90m[0m
[90mExample of 'foo_bar' module in `foo_bar.tf`.[0m
[90m[0m
[90m- list item 1[0m
[90m- list item 2[0m
[90m[0m
[90mEven inline **formatting** in _here_ is possible.[0m
[90mand some [link](https://domain.com/)[0m
[90m[0m
[90m* list item 3[0m
[90m* list item 4[0m
[90m[0m
[90m```hcl[0m
[90mmodule "foo_bar" {[0m
[90m  source = "github.com/foo/bar"[0m
[90m[0m
[90m  id   = "1234567890"[0m
[90m  name = "baz"[0m
[90m[0m
[90m  zones = ["us-east-1", "us-west-1"][0m
[90m[0m
[90m  tags = {[0m
[90m    Name         = "baz"[0m
[90m    Created-By   = "first.last@email.com"[0m
[90m    Date-Created = "20180101"[0m
[90m  }[0m
[90m}[0m
[90m```[0m
[90m[0m
[90mHere is some trailing text after code block,[0m
[90mfollowed by another line of text.[0m



[36minput.unquoted[0m (required)
[90mn/a[0m

[36minput.string-3[0m ("")
[90mn/a[0m

[36minput.string-2[0m (required)
[90mIt's string number two.[0m

[36minput.string-1[0m ("bar")
[90mIt's string number one.[0m

[36minput.map-3[0m ({})
[90mn/a[0m

[36minput.map-2[0m (required)
[90mIt's map number two.[0m

[36minput.map-1[0m ({
  "a": 1,
  "b": 2,
  "c": 3
})
[90mIt's map number one.[0m

[36minput.list-3[0m ([])
[90mn/a[0m

[36minput.list-2[0m (required)
[90mIt's list number two.[0m

[36minput.list-1[0m ([
  "a",
  "b",
  "c"
])
[90mIt's list number one.[0m

[36minput.input_with_underscores[0m (required)
[90mA variable with underscores.[0m

[36minput.input-with-pipe[0m ("v1")
[90mIt includes v1 | v2 | v3[0m

[36minput.input-with-code-block[0m ([
  "name rack:location"
])
[90mThis is a complicated one. We need a newline.  
And an example in a code block
```
default     = [
  "machine rack01:neptune"
]
```[0m

[36minput.long_type[0m ({
  "bar": {
    "bar": "bar",
    "foo": "bar"
  },
  "buzz": [
    "fizz",
    "buzz"
  ],
  "fizz": [],
  "foo": {
    "bar": "foo",
    "foo": "foo"
  },
  "name": "hello"
})
[90mThis description is itself markdown.

It spans over multiple lines.[0m

[36minput.no-escape-default-value[0m ("VALUE_WITH_UNDERSCORE")
[90mThe description contains `something_with_underscore`. Defaults to 'VALUE_WITH_UNDERSCORE'.[0m

[36minput.with-url[0m ("")
[90mThe description contains url. https://www.domain.com/foo/bar_baz.html[0m



[36moutput.unquoted[0m
[90mIt's unquoted output.[0m

[36moutput.output-2[0m
[90mIt's output number two.[0m

[36moutput.output-1[0m
[90mIt's output number one.[0m

[36moutput.output-0.12[0m
[90mterraform 0.12 only[0m

