{
  "header": "Usage:\n\nmodule \"foo\" {\n  source = \"github.com/foo/bar\"\n\n  id   = \"1234567890\"\n  name = \"baz\"\n\n  zones = [\"us-east-1\", \"us-west-1\"]\n\n  tags = {\n    Name         = \"baz\"\n    Created-By   = \"first.last@email.com\"\n    Date-Created = \"20180101\"\n  }\n}",
  "inputs": [],
  "outputs": [],
  "providers": []
}