{
  "header": "Usage:\n\nExample of 'foo_bar' module in `foo_bar.tf`.\n\n```hcl\nmodule \"foo_bar\" {\n  source = \"github.com/foo/bar\"\n\n  id   = \"1234567890\"\n  name = \"baz\"\n\n  zones = [\"us-east-1\", \"us-west-1\"]\n\n  tags = {\n    Name         = \"baz\"\n    Created-By   = \"first.last@email.com\"\n    Date-Created = \"20180101\"\n  }\n}\n```",
  "inputs": [
    {
      "name": "unquoted",
      "type": "any"
    },
    {
      "name": "string-3",
      "type": "string",
      "default": "\"\""
    },
    {
      "name": "string-2",
      "type": "string",
      "description": "It's string number two."
    },
    {
      "name": "string-1",
      "type": "string",
      "description": "It's string number one.",
      "default": "\"bar\""
    },
    {
      "name": "map-3",
      "type": "map",
      "default": "{}"
    },
    {
      "name": "map-2",
      "type": "map",
      "description": "It's map number two."
    },
    {
      "name": "map-1",
      "type": "map",
      "description": "It's map number one.",
      "default": "{\n  \"a\": 1,\n  \"b\": 2,\n  \"c\": 3\n}"
    },
    {
      "name": "list-3",
      "type": "list",
      "default": "[]"
    },
    {
      "name": "list-2",
      "type": "list",
      "description": "It's list number two."
    },
    {
      "name": "list-1",
      "type": "list",
      "description": "It's list number one.",
      "default": "[\n  \"a\",\n  \"b\",\n  \"c\"\n]"
    },
    {
      "name": "input_with_underscores",
      "type": "any",
      "description": "A variable with underscores."
    },
    {
      "name": "input-with-pipe",
      "type": "string",
      "description": "It includes v1 | v2 | v3",
      "default": "\"v1\""
    },
    {
      "name": "input-with-code-block",
      "type": "list",
      "description": "This is a complicated one. We need a newline.  \nAnd an example in a code block\n```\ndefault     = [\n  \"machine rack01:neptune\"\n]\n```\n",
      "default": "[\n  \"name rack:location\"\n]"
    },
    {
      "name": "long_type",
      "type": "object({\n    name = string,\n    foo  = object({ foo = string, bar = string }),\n    bar  = object({ foo = string, bar = string }),\n    fizz = list(string),\n    buzz = list(string)\n  })",
      "description": "This description is itself markdown.\n\nIt spans over multiple lines.\n",
      "default": "{\n  \"bar\": {\n    \"bar\": \"bar\",\n    \"foo\": \"bar\"\n  },\n  \"buzz\": [\n    \"fizz\",\n    \"buzz\"\n  ],\n  \"fizz\": [],\n  \"foo\": {\n    \"bar\": \"foo\",\n    \"foo\": \"foo\"\n  },\n  \"name\": \"hello\"\n}"
    },
    {
      "name": "no-escape-default-value",
      "type": "string",
      "description": "The description contains `something_with_underscore`. Defaults to 'VALUE_WITH_UNDERSCORE'.",
      "default": "\"VALUE_WITH_UNDERSCORE\""
    }
  ],
  "outputs": [],
  "providers": [
    {
      "name": "tls"
    },
    {
      "name": "aws",
      "version": ">= 2.15.0"
    },
    {
      "name": "aws",
      "alias": "ident",
      "version": ">= 2.15.0"
    },
    {
      "name": "null"
    }
  ]
}