input.unquoted (required)
n/a

input.bool-3 (true)
n/a

input.bool-2 (false)
It's bool number two.

input.bool-1 (true)
It's bool number one.

input.string-3 ("")
n/a

input.string-2 (required)
It's string number two.

input.string-1 ("bar")
It's string number one.

input.string-special-chars ("\\.<>[]{}_-")
n/a

input.number-3 ("19")
n/a

input.number-4 (15.75)
n/a

input.number-2 (required)
It's number number two.

input.number-1 (42)
It's number number one.

input.map-3 ({})
n/a

input.map-2 (required)
It's map number two.

input.map-1 ({
  "a": 1,
  "b": 2,
  "c": 3
})
It's map number one.

input.list-3 ([])
n/a

input.list-2 (required)
It's list number two.

input.list-1 ([
  "a",
  "b",
  "c"
])
It's list number one.

input.input_with_underscores (required)
A variable with underscores.

input.input-with-pipe ("v1")
It includes v1 | v2 | v3

input.input-with-code-block ([
  "name rack:location"
])
This is a complicated one. We need a newline.  
And an example in a code block
```
default     = [
  "machine rack01:neptune"
]
```

input.long_type ({
  "bar": {
    "bar": "bar",
    "foo": "bar"
  },
  "buzz": [
    "fizz",
    "buzz"
  ],
  "fizz": [],
  "foo": {
    "bar": "foo",
    "foo": "foo"
  },
  "name": "hello"
})
This description is itself markdown.

It spans over multiple lines.

input.no-escape-default-value ("VALUE_WITH_UNDERSCORE")
The description contains `something_with_underscore`. Defaults to 'VALUE_WITH_UNDERSCORE'.

input.with-url ("")
The description contains url. <https://www.domain.com/foo/bar_baz.html>

input.string_default_empty ("")
n/a

input.string_default_null (null)
n/a

input.string_no_default (required)
n/a

input.number_default_zero (0)
n/a

input.bool_default_false (false)
n/a

input.list_default_empty ([])
n/a

input.object_default_empty ({})
n/a