<module>
  <header></header>
  <inputs></inputs>
  <modules>
    <module>
      <Name>foo</Name>
      <Source>bar</Source>
      <Version>1.2.3</Version>
    </module>
    <module>
      <Name>bar</Name>
      <Source>baz</Source>
      <Version>4.5.6</Version>
    </module>
    <module>
      <Name>baz</Name>
      <Source>baz</Source>
      <Version>4.5.6</Version>
    </module>
  </modules>
  <outputs></outputs>
  <providers></providers>
  <requirements></requirements>
  <resources></resources>
</module>