# Foo

Lorem ipsum dolor sit amet, consectetur adipiscing elit.

## Bar

sed do eiusmod tempor incididunt ut labore et dolore magna
aliqua.

- Ut enim ad minim veniam
- quis nostrud exercitation

<!-- BEGIN_TF_DOCS -->
Lorem ipsum dolor sit amet, consectetur adipiscing elit
<!-- END_TF_DOCS -->

## Baz

esse cillum dolore eu fugiat nulla pariatur.
