{
  "header": "",
  "footer": "",
  "inputs": [],
  "modules": [],
  "outputs": [],
  "providers": [
    {
      "name": "tls",
      "alias": null,
      "version": null
    },
    {
      "name": "foo",
      "alias": null,
      "version": ">= 1.0"
    },
    {
      "name": "aws",
      "alias": null,
      "version": ">= 2.15.0"
    },
    {
      "name": "aws",
      "alias": "ident",
      "version": ">= 2.15.0"
    },
    {
      "name": "null",
      "alias": null,
      "version": null
    }
  ],
  "requirements": [],
  "resources": []
}