{
  "header": "",
  "footer": "",
  "inputs": [],
  "modules": [],
  "outputs": [],
  "providers": [],
  "requirements": [],
  "resources": [
    {
      "type": "resource",
      "name": "foo",
      "provider": "null",
      "source": "hashicorp/null",
      "mode": "managed",
      "version": "latest"
    },
    {
      "type": "private_key",
      "name": "baz",
      "provider": "tls",
      "source": "hashicorp/tls",
      "mode": "managed",
      "version": "latest"
    },
    {
      "type": "caller_identity",
      "name": "current",
      "provider": "aws",
      "source": "hashicorp/aws",
      "mode": "data",
      "version": "latest"
    },
    {
      "type": "caller_identity",
      "name": "ident",
      "provider": "aws",
      "source": "hashicorp/aws",
      "mode": "data",
      "version": "latest"
    }
  ]
}