header = ""
inputs = []
modules = []
outputs = []
providers = []
requirements = []

[[resources]]
  type = "caller_identity"
  name = "current"
  providerName = "aws"
  providerSource = "hashicorp/aws"
  mode = "data"
  version = "latest"

[[resources]]
  type = "caller_identity"
  name = "ident"
  providerName = "aws"
  providerSource = "hashicorp/aws"
  mode = "data"
  version = "latest"

[[resources]]
  type = "resource"
  name = "foo"
  providerName = "null"
  providerSource = "hashicorp/null"
  mode = "managed"
  version = "latest"

[[resources]]
  type = "private_key"
  name = "baz"
  providerName = "tls"
  providerSource = "hashicorp/tls"
  mode = "managed"
  version = "latest"