header: ""
inputs: []
modules: []
outputs: []
providers: []
requirements: []
resources:
  - type: caller_identity
    providerName: aws
    providerSource: hashicorp/aws
    mode: data
    version: latest
  - type: resource
    providerName: "null"
    providerSource: hashicorp/null
    mode: managed
    version: latest
  - type: private_key
    providerName: tls
    providerSource: hashicorp/tls
    mode: managed
    version: latest