header: ""
inputs:
- name: unquoted
  type: any
  description: ""
  default: null
- name: string-3
  type: string
  description: ""
  default: ""
- name: string-2
  type: string
  description: It's string number two.
  default: null
- name: string-1
  type: string
  description: It's string number one.
  default: bar
- name: map-3
  type: map
  description: ""
  default: {}
- name: map-2
  type: map
  description: It's map number two.
  default: null
- name: map-1
  type: map
  description: It's map number one.
  default:
    a: 1
    b: 2
    c: 3
- name: list-3
  type: list
  description: ""
  default: []
- name: list-2
  type: list
  description: It's list number two.
  default: null
- name: list-1
  type: list
  description: It's list number one.
  default:
  - a
  - b
  - c
- name: input_with_underscores
  type: any
  description: A variable with underscores.
  default: null
- name: input-with-pipe
  type: string
  description: It includes v1 | v2 | v3
  default: v1
- name: input-with-code-block
  type: list
  description: "This is a complicated one. We need a newline.  \nAnd an example in
    a code block\n```\ndefault     = [\n  \"machine rack01:neptune\"\n]\n```\n"
  default:
  - name rack:location
- name: long_type
  type: |-
    object({
        name = string,
        foo  = object({ foo = string, bar = string }),
        bar  = object({ foo = string, bar = string }),
        fizz = list(string),
        buzz = list(string)
      })
  description: |
    This description is itself markdown.

    It spans over multiple lines.
  default:
    bar:
      bar: bar
      foo: bar
    buzz:
    - fizz
    - buzz
    fizz: []
    foo:
      bar: foo
      foo: foo
    name: hello
- name: no-escape-default-value
  type: string
  description: The description contains `something_with_underscore`. Defaults to 'VALUE_WITH_UNDERSCORE'.
  default: VALUE_WITH_UNDERSCORE
- name: with-url
  type: string
  description: The description contains url. https://www.domain.com/foo/bar_baz.html
  default: ""
outputs: []
providers: []