<module>
  <header></header>
  <footer></footer>
  <inputs></inputs>
  <modules></modules>
  <outputs></outputs>
  <providers>
    <provider>
      <name>tls</name>
      <alias xsi:nil="true"></alias>
      <version xsi:nil="true"></version>
    </provider>
    <provider>
      <name>foo</name>
      <alias xsi:nil="true"></alias>
      <version>&gt;= 1.0</version>
    </provider>
    <provider>
      <name>aws</name>
      <alias xsi:nil="true"></alias>
      <version>&gt;= 2.15.0</version>
    </provider>
    <provider>
      <name>aws</name>
      <alias>ident</alias>
      <version>&gt;= 2.15.0</version>
    </provider>
    <provider>
      <name>null</name>
      <alias xsi:nil="true"></alias>
      <version xsi:nil="true"></version>
    </provider>
  </providers>
  <requirements></requirements>
  <resources></resources>
</module>