Usage:<br><br>Example of 'foo\_bar' module in `foo_bar.tf`.<br><br>- list item 1<br>- list item 2<br><br>Even inline **formatting** in _here_ is possible.<br>and some [link](https://domain.com/)<br><br>* list item 3<br>* list item 4<pre>module &#34;foo_bar&#34; {<br>  source = &#34;github.com/foo/bar&#34;<br><br>  id   = &#34;1234567890&#34;<br>  name = &#34;baz&#34;<br><br>  zones = [&#34;us-east-1&#34;, &#34;us-west-1&#34;]<br><br>  tags = {<br>    Name         = &#34;baz&#34;<br>    Created-By   = &#34;first.last@email.com&#34;<br>    Date-Created = &#34;20180101&#34;<br>  }<br>}</pre>Here is some trailing text after code block,<br>followed by another line of text.<br><br>\| Name \| Description     \|<br>\|------\|-----------------\|<br>\| Foo  \| Foo description \|<br>\| Bar  \| Bar description \|